

*******************************************************************************
Mon Jun 22 12:30:57 2026


FIT:    data read from 'out.times.data' using ($1**3):2
        format = x:z
        #datapoints = 19
        residuals are weighted equally (unit weight)

function used for fitting: f(x)
	f(x) = a*x + b
fitted parameters initialized with current variable values

Warning: Initial value of parameter 'b' is zero.
iter      chisq       delta/lim  lambda   a             b            
   0 3.3986220156e-04   0.00e+00  2.98e-03    1.000000e-08   1.000000e-30
BREAK: Singular matrix in Invert_RtR

*******************************************************************************
Mon Jun 22 12:34:42 2026


FIT:    data read from 'out.times.data' using 1:2
        format = x:z
        #datapoints = 19
        residuals are weighted equally (unit weight)

function used for fitting: f(x)
	f(n) = a*n**3
fitted parameters initialized with current variable values

iter      chisq       delta/lim  lambda   a            
   0 3.3986220156e-04   0.00e+00  4.22e-03    1.000000e-08
   3 1.3850464600e-04  -1.01e-04  4.22e-06    1.771595e-08

After 3 iterations the fit converged.
final sum of squares of residuals : 0.000138505
rel. change during last iteration : -1.00573e-09

degrees of freedom    (FIT_NDF)                        : 18
rms of residuals      (FIT_STDFIT) = sqrt(WSSR/ndf)    : 0.00277393
variance of residuals (reduced chisquare) = WSSR/ndf   : 7.6947e-06

Final set of parameters            Asymptotic Standard Error
=======================            ==========================
a               = 1.77159e-08      +/- 1.508e-09    (8.514%)


*******************************************************************************
Mon Jun 22 12:35:49 2026


FIT:    data read from 'out.times.data' using 1:2
        format = x:z
        #datapoints = 9
        residuals are weighted equally (unit weight)

function used for fitting: f(x)
	f(n) = a*n**3
fitted parameters initialized with current variable values

iter      chisq       delta/lim  lambda   a            
   0 2.6262585600e-02   0.00e+00  3.75e-02    1.000000e-08
   3 1.3699770118e-04  -2.35e-01  3.75e-05    2.436434e-08

After 3 iterations the fit converged.
final sum of squares of residuals : 0.000136998
rel. change during last iteration : -2.34911e-06

degrees of freedom    (FIT_NDF)                        : 8
rms of residuals      (FIT_STDFIT) = sqrt(WSSR/ndf)    : 0.0041382
variance of residuals (reduced chisquare) = WSSR/ndf   : 1.71247e-05

Final set of parameters            Asymptotic Standard Error
=======================            ==========================
a               = 2.43643e-08      +/- 3.678e-10    (1.509%)


*******************************************************************************
Wed Jun 24 20:49:50 2026


FIT:    data read from 'out.times.data' using 1:2
        format = x:z
        #datapoints = 9
        residuals are weighted equally (unit weight)

function used for fitting: f(x)
	f(n) = a*n**3
fitted parameters initialized with current variable values

iter      chisq       delta/lim  lambda   a            
   0 2.6262585600e-02   0.00e+00  3.75e-02    1.000000e-08
   3 1.3699770118e-04  -2.35e-01  3.75e-05    2.436434e-08

After 3 iterations the fit converged.
final sum of squares of residuals : 0.000136998
rel. change during last iteration : -2.34911e-06

degrees of freedom    (FIT_NDF)                        : 8
rms of residuals      (FIT_STDFIT) = sqrt(WSSR/ndf)    : 0.0041382
variance of residuals (reduced chisquare) = WSSR/ndf   : 1.71247e-05

Final set of parameters            Asymptotic Standard Error
=======================            ==========================
a               = 2.43643e-08      +/- 3.678e-10    (1.509%)
